// Jest Snapshot v1, https://goo.gl/fbAQLP

exports[`DocumentCard 1`] = `
<div
  className="document-card"
>
  <div
    className="document-card-left"
  >
    <svg
      className="document-card-left-icon"
      enableBackground="new 0 0 48 48"
      fill="currentColor"
      height="1em"
      stroke="currentColor"
      strokeWidth="0"
      style={
        {
          "color": undefined,
        }
      }
      version="1"
      viewBox="0 0 48 48"
      width="1em"
      xmlns="http://www.w3.org/2000/svg"
    >
      <polygon
        fill="#90CAF9"
        points="40,45 8,45 8,3 30,3 40,13"
      />
      <polygon
        fill="#E1F5FE"
        points="38.5,14 29,14 29,4.5"
      />
    </svg>
  </div>
  <div
    className="document-card-right"
  >
    <h5 />
    <small />
    <small>
       
    </small>
  </div>
</div>
`;
